edge NodeId(8v1)→NodeId(12v1) (src_port=None dst_port=None) src=PointF { x: 1580.0, y: 263.5 } dst=PointF { x: 2500.0, y: 143.0 } src_side=Right dst_side=Left
  A* routed: Some([PointF { x: 1580.0, y: 263.5 }, PointF { x: 1920.0, y: 263.5 }, PointF { x: 1920.0, y: 273.5 }, PointF { x: 2490.0, y: 273.5 }, PointF { x: 2490.0, y: 143.5 }, PointF { x: 2500.0, y: 143.0 }])
  loop_obstacles: [RectF { origin: PointF { x: 1940.0, y: 103.0 }, size: SizeF { w: 480.0, h: 144.0 } }]

edge NodeId(8v1)→NodeId(12v1) (src_port=None dst_port=None) src=PointF { x: 527.5, y: 896.0 } dst=PointF { x: 265.0, y: 1424.0 } src_side=Bottom dst_side=Top
  A* routed: Some([PointF { x: 527.5, y: 896.0 }, PointF { x: 527.5, y: 1100.0 }, PointF { x: 657.5, y: 1100.0 }, PointF { x: 657.5, y: 1410.0 }, PointF { x: 267.5, y: 1410.0 }, PointF { x: 265.0, y: 1424.0 }])
  loop_obstacles: [RectF { origin: PointF { x: 155.0, y: 1120.0 }, size: SizeF { w: 480.0, h: 144.0 } }]

edge NodeId(8v1)→NodeId(12v1) (src_port=None dst_port=None) src=PointF { x: 527.5, y: 896.0 } dst=PointF { x: 265.0, y: 1424.0 } src_side=Bottom dst_side=Top
  A* routed: Some([PointF { x: 527.5, y: 896.0 }, PointF { x: 527.5, y: 1100.0 }, PointF { x: 127.5, y: 1100.0 }, PointF { x: 127.5, y: 1410.0 }, PointF { x: 267.5, y: 1410.0 }, PointF { x: 265.0, y: 1424.0 }])
  loop_obstacles: [RectF { origin: PointF { x: 155.0, y: 1120.0 }, size: SizeF { w: 682.5, h: 165.5 } }]

  A* crosses other edge → trying dst offset (dst=PointF { x: 265.0, y: 1424.0 } dst_side=Top)

  dst offset failed → fallback to original A*

edge NodeId(8v1)→NodeId(12v1) (src_port=None dst_port=None) src=PointF { x: 527.5, y: 896.0 } dst=PointF { x: 265.0, y: 1424.0 } src_side=Bottom dst_side=Top
  A* routed: Some([PointF { x: 527.5, y: 896.0 }, PointF { x: 527.5, y: 1100.0 }, PointF { x: 127.5, y: 1100.0 }, PointF { x: 127.5, y: 1410.0 }, PointF { x: 267.5, y: 1410.0 }, PointF { x: 265.0, y: 1424.0 }])
  loop_obstacles: [RectF { origin: PointF { x: 155.0, y: 1120.0 }, size: SizeF { w: 781.0, h: 150.0 } }]

  A* crosses other edge → trying dst offset (dst=PointF { x: 265.0, y: 1424.0 } dst_side=Top)

  dst offset failed → fallback to original A*

edge NodeId(8v1)→NodeId(12v1) (src_port=None dst_port=None) src=PointF { x: 1580.0, y: 263.5 } dst=PointF { x: 2500.0, y: 143.0 } src_side=Right dst_side=Left
  A* routed: Some([PointF { x: 1580.0, y: 263.5 }, PointF { x: 1920.0, y: 263.5 }, PointF { x: 1920.0, y: 273.5 }, PointF { x: 2490.0, y: 273.5 }, PointF { x: 2490.0, y: 143.5 }, PointF { x: 2500.0, y: 143.0 }])
  loop_obstacles: [RectF { origin: PointF { x: 1940.0, y: 103.0 }, size: SizeF { w: 480.0, h: 144.0 } }]

  A* crosses other edge → trying dst offset (dst=PointF { x: 2500.0, y: 143.0 } dst_side=Left)

  dst offset resolved crossing → path: [PointF { x: 1580.0, y: 263.5 }, PointF { x: 1920.0, y: 263.5 }, PointF { x: 1920.0, y: 273.5 }, PointF { x: 2490.0, y: 273.5 }, PointF { x: 2490.0, y: 153.5 }, PointF { x: 2500.0, y: 155.0 }]

edge NodeId(8v1)→NodeId(12v1) (src_port=None dst_port=None) src=PointF { x: 1580.0, y: 263.5 } dst=PointF { x: 2500.0, y: 143.0 } src_side=Right dst_side=Left
  A* routed: Some([PointF { x: 1580.0, y: 263.5 }, PointF { x: 1920.0, y: 263.5 }, PointF { x: 1920.0, y: 73.5 }, PointF { x: 2490.0, y: 73.5 }, PointF { x: 2490.0, y: 143.5 }, PointF { x: 2500.0, y: 143.0 }])
  loop_obstacles: [RectF { origin: PointF { x: 1940.0, y: 103.0 }, size: SizeF { w: 444.5, h: 236.0 } }]

  A* crosses other edge → trying dst offset (dst=PointF { x: 2500.0, y: 143.0 } dst_side=Left)

  dst offset resolved crossing → path: [PointF { x: 1580.0, y: 263.5 }, PointF { x: 1920.0, y: 263.5 }, PointF { x: 1920.0, y: 363.5 }, PointF { x: 2490.0, y: 363.5 }, PointF { x: 2490.0, y: 183.5 }, PointF { x: 2500.0, y: 179.0 }]

edge NodeId(8v1)→NodeId(12v1) (src_port=None dst_port=None) src=PointF { x: 1580.0, y: 263.5 } dst=PointF { x: 2500.0, y: 143.0 } src_side=Right dst_side=Left
  A* routed: Some([PointF { x: 1580.0, y: 263.5 }, PointF { x: 1920.0, y: 263.5 }, PointF { x: 1920.0, y: 73.5 }, PointF { x: 2490.0, y: 73.5 }, PointF { x: 2490.0, y: 143.5 }, PointF { x: 2500.0, y: 143.0 }])
  loop_obstacles: [RectF { origin: PointF { x: 1940.0, y: 103.0 }, size: SizeF { w: 425.5, h: 273.5 } }]

  A* crosses other edge → trying dst offset (dst=PointF { x: 2500.0, y: 143.0 } dst_side=Left)

  dst offset failed → fallback to original A*

edge NodeId(8v1)→NodeId(12v1) (src_port=None dst_port=None) src=PointF { x: 527.5, y: 896.0 } dst=PointF { x: 265.0, y: 1424.0 } src_side=Bottom dst_side=Top
  A* routed: Some([PointF { x: 527.5, y: 896.0 }, PointF { x: 527.5, y: 1100.0 }, PointF { x: 657.5, y: 1100.0 }, PointF { x: 657.5, y: 1410.0 }, PointF { x: 267.5, y: 1410.0 }, PointF { x: 265.0, y: 1424.0 }])
  loop_obstacles: [RectF { origin: PointF { x: 155.0, y: 1120.0 }, size: SizeF { w: 480.0, h: 144.0 } }]

  A* crosses other edge → trying dst offset (dst=PointF { x: 265.0, y: 1424.0 } dst_side=Top)

  dst offset resolved crossing → path: [PointF { x: 527.5, y: 896.0 }, PointF { x: 527.5, y: 1100.0 }, PointF { x: 657.5, y: 1100.0 }, PointF { x: 657.5, y: 1410.0 }, PointF { x: 277.5, y: 1410.0 }, PointF { x: 277.0, y: 1424.0 }]

edge NodeId(8v1)→NodeId(12v1) (src_port=None dst_port=None) src=PointF { x: 527.5, y: 896.0 } dst=PointF { x: 539.0, y: 1455.0 } src_side=Bottom dst_side=Top
  A* routed: Some([PointF { x: 527.5, y: 896.0 }, PointF { x: 527.5, y: 1100.0 }, PointF { x: 657.5, y: 1100.0 }, PointF { x: 657.5, y: 1450.0 }, PointF { x: 537.5, y: 1450.0 }, PointF { x: 539.0, y: 1455.0 }])
  loop_obstacles: [RectF { origin: PointF { x: 155.0, y: 1120.0 }, size: SizeF { w: 480.0, h: 144.0 } }]

  A* crosses other edge → trying dst offset (dst=PointF { x: 539.0, y: 1455.0 } dst_side=Top)

  dst offset resolved crossing → path: [PointF { x: 527.5, y: 896.0 }, PointF { x: 527.5, y: 1100.0 }, PointF { x: 657.5, y: 1100.0 }, PointF { x: 657.5, y: 1450.0 }, PointF { x: 547.5, y: 1450.0 }, PointF { x: 551.0, y: 1455.0 }]

edge NodeId(8v1)→NodeId(12v1) (src_port=None dst_port=None) src=PointF { x: 527.5, y: 896.0 } dst=PointF { x: 264.5, y: 1411.5 } src_side=Bottom dst_side=Top
  A* routed: Some([PointF { x: 527.5, y: 896.0 }, PointF { x: 527.5, y: 1100.0 }, PointF { x: 657.5, y: 1100.0 }, PointF { x: 657.5, y: 1400.0 }, PointF { x: 267.5, y: 1400.0 }, PointF { x: 264.5, y: 1411.5 }])
  loop_obstacles: [RectF { origin: PointF { x: 155.0, y: 1120.0 }, size: SizeF { w: 480.0, h: 144.0 } }]

  A* crosses other edge → trying dst offset (dst=PointF { x: 264.5, y: 1411.5 } dst_side=Top)

  dst offset resolved crossing → path: [PointF { x: 527.5, y: 896.0 }, PointF { x: 527.5, y: 1100.0 }, PointF { x: 657.5, y: 1100.0 }, PointF { x: 657.5, y: 1400.0 }, PointF { x: 277.5, y: 1400.0 }, PointF { x: 276.5, y: 1411.5 }]

edge NodeId(8v1)→NodeId(12v1) (src_port=None dst_port=None) src=PointF { x: 1580.0, y: 263.5 } dst=PointF { x: 2500.0, y: 143.0 } src_side=Right dst_side=Left
  A* routed: Some([PointF { x: 1580.0, y: 263.5 }, PointF { x: 1880.0, y: 263.5 }, PointF { x: 1880.0, y: 313.5 }, PointF { x: 2490.0, y: 313.5 }, PointF { x: 2490.0, y: 143.5 }, PointF { x: 2500.0, y: 143.0 }])
  loop_obstacles: [RectF { origin: PointF { x: 1940.0, y: 103.0 }, size: SizeF { w: 480.0, h: 144.0 } }]

  A* crosses other edge → trying dst offset (dst=PointF { x: 2500.0, y: 143.0 } dst_side=Left)

  dst offset resolved crossing → path: [PointF { x: 1580.0, y: 263.5 }, PointF { x: 1880.0, y: 263.5 }, PointF { x: 1880.0, y: 313.5 }, PointF { x: 2490.0, y: 313.5 }, PointF { x: 2490.0, y: 153.5 }, PointF { x: 2500.0, y: 155.0 }]

edge NodeId(8v1)→NodeId(12v1) (src_port=None dst_port=None) src=PointF { x: 527.5, y: 896.0 } dst=PointF { x: 265.0, y: 1424.0 } src_side=Bottom dst_side=Top
  A* routed: Some([PointF { x: 527.5, y: 896.0 }, PointF { x: 527.5, y: 1100.0 }, PointF { x: 657.5, y: 1100.0 }, PointF { x: 657.5, y: 1410.0 }, PointF { x: 267.5, y: 1410.0 }, PointF { x: 265.0, y: 1424.0 }])
  loop_obstacles: [RectF { origin: PointF { x: 155.0, y: 1120.0 }, size: SizeF { w: 480.0, h: 144.0 } }]

  A* crosses other edge → trying dst offset (dst=PointF { x: 265.0, y: 1424.0 } dst_side=Top)

  dst offset resolved crossing → path: [PointF { x: 527.5, y: 896.0 }, PointF { x: 527.5, y: 1100.0 }, PointF { x: 657.5, y: 1100.0 }, PointF { x: 657.5, y: 1410.0 }, PointF { x: 277.5, y: 1410.0 }, PointF { x: 277.0, y: 1424.0 }]

edge NodeId(8v1)→NodeId(12v1) (src_port=None dst_port=None) src=PointF { x: 527.5, y: 896.0 } dst=PointF { x: 265.0, y: 1424.0 } src_side=Bottom dst_side=Top
  A* routed: Some([PointF { x: 527.5, y: 896.0 }, PointF { x: 527.5, y: 1100.0 }, PointF { x: 97.5, y: 1100.0 }, PointF { x: 97.5, y: 1410.0 }, PointF { x: 267.5, y: 1410.0 }, PointF { x: 265.0, y: 1424.0 }])
  loop_obstacles: [RectF { origin: PointF { x: 155.0, y: 1120.0 }, size: SizeF { w: 600.0, h: 143.0 } }]

  A* crosses other edge → trying dst offset (dst=PointF { x: 265.0, y: 1424.0 } dst_side=Top)

  dst offset failed → fallback to original A*

edge NodeId(8v1)→NodeId(12v1) (src_port=None dst_port=None) src=PointF { x: 527.5, y: 896.0 } dst=PointF { x: 265.0, y: 1424.0 } src_side=Bottom dst_side=Top
  A* routed: Some([PointF { x: 527.5, y: 896.0 }, PointF { x: 527.5, y: 1100.0 }, PointF { x: 97.5, y: 1100.0 }, PointF { x: 97.5, y: 1410.0 }, PointF { x: 267.5, y: 1410.0 }, PointF { x: 265.0, y: 1424.0 }])
  loop_obstacles: [RectF { origin: PointF { x: 155.0, y: 1120.0 }, size: SizeF { w: 807.0, h: 151.5 } }]

  A* crosses other edge → trying dst offset (dst=PointF { x: 265.0, y: 1424.0 } dst_side=Top)

  dst offset failed → fallback to original A*

edge NodeId(8v1)→NodeId(12v1) (src_port=None dst_port=None) src=PointF { x: 527.5, y: 896.0 } dst=PointF { x: 265.0, y: 1424.0 } src_side=Bottom dst_side=Top
  A* routed: Some([PointF { x: 527.5, y: 896.0 }, PointF { x: 527.5, y: 1100.0 }, PointF { x: 647.5, y: 1100.0 }, PointF { x: 647.5, y: 1410.0 }, PointF { x: 267.5, y: 1410.0 }, PointF { x: 265.0, y: 1424.0 }])
  loop_obstacles: [RectF { origin: PointF { x: 155.0, y: 1120.0 }, size: SizeF { w: 464.5, h: 150.0 } }]

  A* crosses other edge → trying dst offset (dst=PointF { x: 265.0, y: 1424.0 } dst_side=Top)

  dst offset resolved crossing → path: [PointF { x: 527.5, y: 896.0 }, PointF { x: 527.5, y: 1100.0 }, PointF { x: 647.5, y: 1100.0 }, PointF { x: 647.5, y: 1410.0 }, PointF { x: 277.5, y: 1410.0 }, PointF { x: 277.0, y: 1424.0 }]

edge NodeId(8v1)→NodeId(12v1) (src_port=None dst_port=None) src=PointF { x: 1580.0, y: 263.5 } dst=PointF { x: 2500.0, y: 143.0 } src_side=Right dst_side=Left
  A* routed: Some([PointF { x: 1580.0, y: 263.5 }, PointF { x: 1880.0, y: 263.5 }, PointF { x: 1880.0, y: 313.5 }, PointF { x: 2490.0, y: 313.5 }, PointF { x: 2490.0, y: 143.5 }, PointF { x: 2500.0, y: 143.0 }])
  loop_obstacles: [RectF { origin: PointF { x: 1940.0, y: 103.0 }, size: SizeF { w: 480.0, h: 144.0 } }]

  A* crosses other edge → trying dst offset (dst=PointF { x: 2500.0, y: 143.0 } dst_side=Left)

  dst offset resolved crossing → path: [PointF { x: 1580.0, y: 263.5 }, PointF { x: 1880.0, y: 263.5 }, PointF { x: 1880.0, y: 313.5 }, PointF { x: 2490.0, y: 313.5 }, PointF { x: 2490.0, y: 153.5 }, PointF { x: 2500.0, y: 155.0 }]

edge NodeId(8v1)→NodeId(12v1) (src_port=None dst_port=None) src=PointF { x: 1580.0, y: 263.5 } dst=PointF { x: 2500.0, y: 143.0 } src_side=Right dst_side=Left
  A* routed: Some([PointF { x: 1580.0, y: 263.5 }, PointF { x: 1640.0, y: 263.5 }, PointF { x: 1640.0, y: 73.5 }, PointF { x: 2490.0, y: 73.5 }, PointF { x: 2490.0, y: 143.5 }, PointF { x: 2500.0, y: 143.0 }])
  loop_obstacles: [RectF { origin: PointF { x: 1940.0, y: 103.0 }, size: SizeF { w: 465.0, h: 256.0 } }]

  A* crosses other edge → trying dst offset (dst=PointF { x: 2500.0, y: 143.0 } dst_side=Left)

  dst offset failed → fallback to original A*

edge NodeId(8v1)→NodeId(12v1) (src_port=None dst_port=None) src=PointF { x: 1580.0, y: 263.5 } dst=PointF { x: 2500.0, y: 143.0 } src_side=Right dst_side=Left
  A* routed: Some([PointF { x: 1580.0, y: 263.5 }, PointF { x: 1880.0, y: 263.5 }, PointF { x: 1880.0, y: 323.5 }, PointF { x: 2490.0, y: 323.5 }, PointF { x: 2490.0, y: 143.5 }, PointF { x: 2500.0, y: 143.0 }])
  loop_obstacles: [RectF { origin: PointF { x: 1940.0, y: 103.0 }, size: SizeF { w: 409.5, h: 149.5 } }]

  A* crosses other edge → trying dst offset (dst=PointF { x: 2500.0, y: 143.0 } dst_side=Left)

  dst offset resolved crossing → path: [PointF { x: 1580.0, y: 263.5 }, PointF { x: 1880.0, y: 263.5 }, PointF { x: 1880.0, y: 323.5 }, PointF { x: 2490.0, y: 323.5 }, PointF { x: 2490.0, y: 153.5 }, PointF { x: 2500.0, y: 155.0 }]

edge NodeId(8v1)→NodeId(12v1) (src_port=None dst_port=None) src=PointF { x: 527.5, y: 896.0 } dst=PointF { x: 265.0, y: 1424.0 } src_side=Bottom dst_side=Top
  A* routed: Some([PointF { x: 527.5, y: 896.0 }, PointF { x: 527.5, y: 1100.0 }, PointF { x: 657.5, y: 1100.0 }, PointF { x: 657.5, y: 1410.0 }, PointF { x: 267.5, y: 1410.0 }, PointF { x: 265.0, y: 1424.0 }])
  loop_obstacles: [RectF { origin: PointF { x: 155.0, y: 1120.0 }, size: SizeF { w: 480.0, h: 144.0 } }]

  A* crosses other edge → trying dst offset (dst=PointF { x: 265.0, y: 1424.0 } dst_side=Top)

  dst offset resolved crossing → path: [PointF { x: 527.5, y: 896.0 }, PointF { x: 527.5, y: 1100.0 }, PointF { x: 657.5, y: 1100.0 }, PointF { x: 657.5, y: 1410.0 }, PointF { x: 277.5, y: 1410.0 }, PointF { x: 277.0, y: 1424.0 }]

edge NodeId(8v1)→NodeId(12v1) (src_port=None dst_port=None) src=PointF { x: 527.5, y: 896.0 } dst=PointF { x: 265.0, y: 1424.0 } src_side=Bottom dst_side=Top
  A* routed: Some([PointF { x: 527.5, y: 896.0 }, PointF { x: 527.5, y: 1100.0 }, PointF { x: 97.5, y: 1100.0 }, PointF { x: 97.5, y: 1410.0 }, PointF { x: 267.5, y: 1410.0 }, PointF { x: 265.0, y: 1424.0 }])
  loop_obstacles: [RectF { origin: PointF { x: 155.0, y: 1120.0 }, size: SizeF { w: 527.5, h: 140.5 } }]

  A* crosses other edge → trying dst offset (dst=PointF { x: 265.0, y: 1424.0 } dst_side=Top)

  dst offset resolved crossing → path: [PointF { x: 527.5, y: 896.0 }, PointF { x: 527.5, y: 1100.0 }, PointF { x: 707.5, y: 1100.0 }, PointF { x: 707.5, y: 1410.0 }, PointF { x: 287.5, y: 1410.0 }, PointF { x: 289.0, y: 1424.0 }]

edge NodeId(8v1)→NodeId(12v1) (src_port=None dst_port=None) src=PointF { x: 527.5, y: 896.0 } dst=PointF { x: 265.0, y: 1424.0 } src_side=Bottom dst_side=Top
  A* routed: Some([PointF { x: 527.5, y: 896.0 }, PointF { x: 527.5, y: 1100.0 }, PointF { x: 97.5, y: 1100.0 }, PointF { x: 97.5, y: 1410.0 }, PointF { x: 267.5, y: 1410.0 }, PointF { x: 265.0, y: 1424.0 }])
  loop_obstacles: [RectF { origin: PointF { x: 155.0, y: 1120.0 }, size: SizeF { w: 603.5, h: 137.5 } }]

  A* crosses other edge → trying dst offset (dst=PointF { x: 265.0, y: 1424.0 } dst_side=Top)

  dst offset failed → fallback to original A*

edge NodeId(8v1)→NodeId(12v1) (src_port=None dst_port=None) src=PointF { x: 1580.0, y: 263.5 } dst=PointF { x: 2500.0, y: 143.0 } src_side=Right dst_side=Left
  A* routed: Some([PointF { x: 1580.0, y: 263.5 }, PointF { x: 1880.0, y: 263.5 }, PointF { x: 1880.0, y: 313.5 }, PointF { x: 2490.0, y: 313.5 }, PointF { x: 2490.0, y: 143.5 }, PointF { x: 2500.0, y: 143.0 }])
  loop_obstacles: [RectF { origin: PointF { x: 1940.0, y: 103.0 }, size: SizeF { w: 480.0, h: 144.0 } }]

  A* crosses other edge → trying dst offset (dst=PointF { x: 2500.0, y: 143.0 } dst_side=Left)

  dst offset resolved crossing → path: [PointF { x: 1580.0, y: 263.5 }, PointF { x: 1880.0, y: 263.5 }, PointF { x: 1880.0, y: 313.5 }, PointF { x: 2490.0, y: 313.5 }, PointF { x: 2490.0, y: 153.5 }, PointF { x: 2500.0, y: 155.0 }]

edge NodeId(8v1)→NodeId(12v1) (src_port=None dst_port=None) src=PointF { x: 1580.0, y: 263.5 } dst=PointF { x: 2500.0, y: 143.0 } src_side=Right dst_side=Left
  A* routed: Some([PointF { x: 1580.0, y: 263.5 }, PointF { x: 1640.0, y: 263.5 }, PointF { x: 1640.0, y: 73.5 }, PointF { x: 2490.0, y: 73.5 }, PointF { x: 2490.0, y: 143.5 }, PointF { x: 2500.0, y: 143.0 }])
  loop_obstacles: [RectF { origin: PointF { x: 1940.0, y: 103.0 }, size: SizeF { w: 377.5, h: 304.0 } }]

  A* crosses other edge → trying dst offset (dst=PointF { x: 2500.0, y: 143.0 } dst_side=Left)

  dst offset failed → fallback to original A*

edge NodeId(8v1)→NodeId(12v1) (src_port=None dst_port=None) src=PointF { x: 527.5, y: 896.0 } dst=PointF { x: 265.0, y: 1424.0 } src_side=Bottom dst_side=Top
  A* routed: Some([PointF { x: 527.5, y: 896.0 }, PointF { x: 530.0, y: 1100.0 }, PointF { x: 660.0, y: 1100.0 }, PointF { x: 660.0, y: 1410.0 }, PointF { x: 270.0, y: 1410.0 }, PointF { x: 265.0, y: 1424.0 }])
  loop_obstacles: [RectF { origin: PointF { x: 155.0, y: 1120.0 }, size: SizeF { w: 480.0, h: 144.0 } }]

  A* crosses other edge → trying dst offset (dst=PointF { x: 265.0, y: 1424.0 } dst_side=Top)

  dst offset resolved crossing → path: [PointF { x: 527.5, y: 896.0 }, PointF { x: 530.0, y: 1100.0 }, PointF { x: 660.0, y: 1100.0 }, PointF { x: 660.0, y: 1410.0 }, PointF { x: 280.0, y: 1410.0 }, PointF { x: 277.0, y: 1424.0 }]

edge NodeId(8v1)→NodeId(12v1) (src_port=None dst_port=None) src=PointF { x: 527.5, y: 896.0 } dst=PointF { x: 265.0, y: 1424.0 } src_side=Bottom dst_side=Top
  A* routed: Some([PointF { x: 527.5, y: 896.0 }, PointF { x: 527.5, y: 1100.0 }, PointF { x: 747.5, y: 1100.0 }, PointF { x: 747.5, y: 1410.0 }, PointF { x: 267.5, y: 1410.0 }, PointF { x: 265.0, y: 1424.0 }])
  loop_obstacles: [RectF { origin: PointF { x: 155.0, y: 1120.0 }, size: SizeF { w: 562.5, h: 148.5 } }]

  A* crosses other edge → trying dst offset (dst=PointF { x: 265.0, y: 1424.0 } dst_side=Top)

  dst offset resolved crossing → path: [PointF { x: 527.5, y: 896.0 }, PointF { x: 527.5, y: 1100.0 }, PointF { x: 747.5, y: 1100.0 }, PointF { x: 747.5, y: 1410.0 }, PointF { x: 277.5, y: 1410.0 }, PointF { x: 277.0, y: 1424.0 }]

edge NodeId(8v1)→NodeId(12v1) (src_port=None dst_port=None) src=PointF { x: 527.5, y: 896.0 } dst=PointF { x: 265.0, y: 1424.0 } src_side=Bottom dst_side=Top
  A* routed: Some([PointF { x: 527.5, y: 896.0 }, PointF { x: 526.5, y: 1100.0 }, PointF { x: 866.5, y: 1100.0 }, PointF { x: 866.5, y: 1410.0 }, PointF { x: 266.5, y: 1410.0 }, PointF { x: 265.0, y: 1424.0 }])
  loop_obstacles: [RectF { origin: PointF { x: 155.0, y: 1120.0 }, size: SizeF { w: 683.5, h: 149.0 } }]

  A* crosses other edge → trying dst offset (dst=PointF { x: 265.0, y: 1424.0 } dst_side=Top)

  dst offset resolved crossing → path: [PointF { x: 527.5, y: 896.0 }, PointF { x: 526.5, y: 1100.0 }, PointF { x: 866.5, y: 1100.0 }, PointF { x: 866.5, y: 1410.0 }, PointF { x: 276.5, y: 1410.0 }, PointF { x: 277.0, y: 1424.0 }]

edge NodeId(8v1)→NodeId(12v1) (src_port=None dst_port=None) src=PointF { x: 527.5, y: 896.0 } dst=PointF { x: 265.0, y: 1424.0 } src_side=Bottom dst_side=Top
  A* routed: Some([PointF { x: 527.5, y: 896.0 }, PointF { x: 527.5, y: 1100.0 }, PointF { x: 97.5, y: 1100.0 }, PointF { x: 97.5, y: 1410.0 }, PointF { x: 267.5, y: 1410.0 }, PointF { x: 265.0, y: 1424.0 }])
  loop_obstacles: [RectF { origin: PointF { x: 155.0, y: 1120.0 }, size: SizeF { w: 829.5, h: 154.5 } }]

  A* crosses other edge → trying dst offset (dst=PointF { x: 265.0, y: 1424.0 } dst_side=Top)

  dst offset failed → fallback to original A*

edge NodeId(8v1)→NodeId(12v1) (src_port=None dst_port=None) src=PointF { x: 527.5, y: 896.0 } dst=PointF { x: 265.0, y: 1424.0 } src_side=Bottom dst_side=Top
  A* routed: Some([PointF { x: 527.5, y: 896.0 }, PointF { x: 532.0, y: 1100.0 }, PointF { x: 702.0, y: 1100.0 }, PointF { x: 702.0, y: 1410.0 }, PointF { x: 262.0, y: 1410.0 }, PointF { x: 265.0, y: 1424.0 }])
  loop_obstacles: [RectF { origin: PointF { x: 155.0, y: 1120.0 }, size: SizeF { w: 518.0, h: 161.0 } }]

  A* crosses other edge → trying dst offset (dst=PointF { x: 265.0, y: 1424.0 } dst_side=Top)

  dst offset resolved crossing → path: [PointF { x: 527.5, y: 896.0 }, PointF { x: 532.0, y: 1100.0 }, PointF { x: 702.0, y: 1100.0 }, PointF { x: 702.0, y: 1410.0 }, PointF { x: 282.0, y: 1410.0 }, PointF { x: 277.0, y: 1424.0 }]

edge NodeId(8v1)→NodeId(12v1) (src_port=None dst_port=None) src=PointF { x: 527.5, y: 896.0 } dst=PointF { x: 265.0, y: 1424.0 } src_side=Bottom dst_side=Top
  A* routed: Some([PointF { x: 527.5, y: 896.0 }, PointF { x: 530.0, y: 1100.0 }, PointF { x: 570.0, y: 1100.0 }, PointF { x: 570.0, y: 1410.0 }, PointF { x: 270.0, y: 1410.0 }, PointF { x: 265.0, y: 1424.0 }])
  loop_obstacles: [RectF { origin: PointF { x: 155.0, y: 1120.0 }, size: SizeF { w: 390.0, h: 155.0 } }]

  A* crosses other edge → trying dst offset (dst=PointF { x: 265.0, y: 1424.0 } dst_side=Top)

  dst offset resolved crossing → path: [PointF { x: 527.5, y: 896.0 }, PointF { x: 530.0, y: 1100.0 }, PointF { x: 570.0, y: 1100.0 }, PointF { x: 570.0, y: 1410.0 }, PointF { x: 280.0, y: 1410.0 }, PointF { x: 277.0, y: 1424.0 }]

edge NodeId(8v1)→NodeId(12v1) (src_port=None dst_port=None) src=PointF { x: 527.5, y: 896.0 } dst=PointF { x: 265.0, y: 1424.0 } src_side=Bottom dst_side=Top
  A* routed: Some([PointF { x: 527.5, y: 896.0 }, PointF { x: 527.0, y: 1100.0 }, PointF { x: 727.0, y: 1100.0 }, PointF { x: 727.0, y: 1410.0 }, PointF { x: 267.0, y: 1410.0 }, PointF { x: 265.0, y: 1424.0 }])
  loop_obstacles: [RectF { origin: PointF { x: 155.0, y: 1120.0 }, size: SizeF { w: 543.0, h: 160.0 } }]

  A* crosses other edge → trying dst offset (dst=PointF { x: 265.0, y: 1424.0 } dst_side=Top)

  dst offset resolved crossing → path: [PointF { x: 527.5, y: 896.0 }, PointF { x: 527.0, y: 1100.0 }, PointF { x: 727.0, y: 1100.0 }, PointF { x: 727.0, y: 1410.0 }, PointF { x: 277.0, y: 1410.0 }, PointF { x: 277.0, y: 1424.0 }]

edge NodeId(8v1)→NodeId(12v1) (src_port=None dst_port=None) src=PointF { x: 1580.0, y: 263.5 } dst=PointF { x: 2500.0, y: 143.0 } src_side=Right dst_side=Left
  A* routed: Some([PointF { x: 1580.0, y: 263.5 }, PointF { x: 1880.0, y: 263.5 }, PointF { x: 1880.0, y: 313.5 }, PointF { x: 2490.0, y: 313.5 }, PointF { x: 2490.0, y: 143.5 }, PointF { x: 2500.0, y: 143.0 }])
  loop_obstacles: [RectF { origin: PointF { x: 1940.0, y: 103.0 }, size: SizeF { w: 480.0, h: 144.0 } }]

  A* crosses other edge → trying dst offset (dst=PointF { x: 2500.0, y: 143.0 } dst_side=Left)

  dst offset resolved crossing → path: [PointF { x: 1580.0, y: 263.5 }, PointF { x: 1880.0, y: 263.5 }, PointF { x: 1880.0, y: 313.5 }, PointF { x: 2490.0, y: 313.5 }, PointF { x: 2490.0, y: 153.5 }, PointF { x: 2500.0, y: 155.0 }]

edge NodeId(8v1)→NodeId(12v1) (src_port=None dst_port=None) src=PointF { x: 1580.0, y: 263.5 } dst=PointF { x: 2500.0, y: 143.0 } src_side=Right dst_side=Left
  A* routed: Some([PointF { x: 1580.0, y: 263.5 }, PointF { x: 1880.0, y: 263.5 }, PointF { x: 1880.0, y: 433.5 }, PointF { x: 2490.0, y: 433.5 }, PointF { x: 2490.0, y: 143.5 }, PointF { x: 2500.0, y: 143.0 }])
  loop_obstacles: [RectF { origin: PointF { x: 1940.0, y: 103.0 }, size: SizeF { w: 471.0, h: 262.5 } }]

  A* crosses other edge → trying dst offset (dst=PointF { x: 2500.0, y: 143.0 } dst_side=Left)

  dst offset resolved crossing → path: [PointF { x: 1580.0, y: 263.5 }, PointF { x: 1880.0, y: 263.5 }, PointF { x: 1880.0, y: 433.5 }, PointF { x: 2490.0, y: 433.5 }, PointF { x: 2490.0, y: 153.5 }, PointF { x: 2500.0, y: 155.0 }]

edge NodeId(8v1)→NodeId(12v1) (src_port=None dst_port=None) src=PointF { x: 1580.0, y: 263.5 } dst=PointF { x: 2500.0, y: 143.0 } src_side=Right dst_side=Left
  A* routed: Some([PointF { x: 1580.0, y: 263.5 }, PointF { x: 1880.0, y: 263.5 }, PointF { x: 1880.0, y: 743.5 }, PointF { x: 2490.0, y: 743.5 }, PointF { x: 2490.0, y: 143.5 }, PointF { x: 2500.0, y: 143.0 }])
  loop_obstacles: [RectF { origin: PointF { x: 1940.0, y: 103.0 }, size: SizeF { w: 397.5, h: 571.0 } }]

  A* crosses other edge → trying dst offset (dst=PointF { x: 2500.0, y: 143.0 } dst_side=Left)

  dst offset resolved crossing → path: [PointF { x: 1580.0, y: 263.5 }, PointF { x: 1880.0, y: 263.5 }, PointF { x: 1880.0, y: 743.5 }, PointF { x: 2490.0, y: 743.5 }, PointF { x: 2490.0, y: 153.5 }, PointF { x: 2500.0, y: 155.0 }]

edge NodeId(8v1)→NodeId(12v1) (src_port=None dst_port=None) src=PointF { x: 1580.0, y: 263.5 } dst=PointF { x: 2500.0, y: 143.0 } src_side=Right dst_side=Left
  A* routed: Some([PointF { x: 1580.0, y: 263.5 }, PointF { x: 1880.0, y: 263.5 }, PointF { x: 1880.0, y: 873.5 }, PointF { x: 2490.0, y: 873.5 }, PointF { x: 2490.0, y: 143.5 }, PointF { x: 2500.0, y: 143.0 }])
  loop_obstacles: [RectF { origin: PointF { x: 1940.0, y: 103.0 }, size: SizeF { w: 325.5, h: 700.0 } }]

  A* crosses other edge → trying dst offset (dst=PointF { x: 2500.0, y: 143.0 } dst_side=Left)

  dst offset resolved crossing → path: [PointF { x: 1580.0, y: 263.5 }, PointF { x: 1880.0, y: 263.5 }, PointF { x: 1880.0, y: 873.5 }, PointF { x: 2490.0, y: 873.5 }, PointF { x: 2490.0, y: 153.5 }, PointF { x: 2500.0, y: 155.0 }]

edge NodeId(8v1)→NodeId(12v1) (src_port=None dst_port=None) src=PointF { x: 1580.0, y: 263.5 } dst=PointF { x: 2500.0, y: 143.0 } src_side=Right dst_side=Left
  A* routed: Some([PointF { x: 1580.0, y: 263.5 }, PointF { x: 1880.0, y: 263.5 }, PointF { x: 1880.0, y: 403.5 }, PointF { x: 2490.0, y: 403.5 }, PointF { x: 2490.0, y: 143.5 }, PointF { x: 2500.0, y: 143.0 }])
  loop_obstacles: [RectF { origin: PointF { x: 1940.0, y: 103.0 }, size: SizeF { w: 414.0, h: 230.5 } }]

  A* crosses other edge → trying dst offset (dst=PointF { x: 2500.0, y: 143.0 } dst_side=Left)

  dst offset resolved crossing → path: [PointF { x: 1580.0, y: 263.5 }, PointF { x: 1880.0, y: 263.5 }, PointF { x: 1880.0, y: 403.5 }, PointF { x: 2490.0, y: 403.5 }, PointF { x: 2490.0, y: 153.5 }, PointF { x: 2500.0, y: 155.0 }]

edge NodeId(8v1)→NodeId(12v1) (src_port=None dst_port=None) src=PointF { x: 527.5, y: 896.0 } dst=PointF { x: 265.0, y: 1424.0 } src_side=Bottom dst_side=Top
  A* routed: Some([PointF { x: 527.5, y: 896.0 }, PointF { x: 527.5, y: 1100.0 }, PointF { x: 657.5, y: 1100.0 }, PointF { x: 657.5, y: 1410.0 }, PointF { x: 267.5, y: 1410.0 }, PointF { x: 265.0, y: 1424.0 }])
  loop_obstacles: [RectF { origin: PointF { x: 155.0, y: 1120.0 }, size: SizeF { w: 480.0, h: 144.0 } }]

  A* crosses other edge → trying dst offset (dst=PointF { x: 265.0, y: 1424.0 } dst_side=Top)

  dst offset resolved crossing → path: [PointF { x: 527.5, y: 896.0 }, PointF { x: 527.5, y: 1100.0 }, PointF { x: 657.5, y: 1100.0 }, PointF { x: 657.5, y: 1410.0 }, PointF { x: 277.5, y: 1410.0 }, PointF { x: 277.0, y: 1424.0 }]

edge NodeId(10v1)→NodeId(11v1) (src_port=Some("loop_body") dst_port=None) src=PointF { x: 375.0, y: 1178.0 } dst=PointF { x: 545.0, y: 1200.0 } src_side=Right dst_side=Top
  A* routed: Some([PointF { x: 375.0, y: 1178.0 }, PointF { x: 387.5, y: 1180.0 }, PointF { x: 387.5, y: 1370.0 }, PointF { x: 147.5, y: 1370.0 }, PointF { x: 147.5, y: 1750.0 }, PointF { x: 557.5, y: 1750.0 }, PointF { x: 557.5, y: 1190.0 }, PointF { x: 547.5, y: 1190.0 }, PointF { x: 545.0, y: 1200.0 }])
  loop_obstacles: []

  A* crosses other edge → trying dst offset (dst=PointF { x: 545.0, y: 1200.0 } dst_side=Top)

  dst offset resolved crossing → path: [PointF { x: 375.0, y: 1178.0 }, PointF { x: 517.5, y: 1180.0 }, PointF { x: 521.0, y: 1200.0 }]

edge NodeId(8v1)→NodeId(12v1) (src_port=None dst_port=None) src=PointF { x: 527.5, y: 896.0 } dst=PointF { x: 265.0, y: 1424.0 } src_side=Bottom dst_side=Top
  A* routed: Some([PointF { x: 527.5, y: 896.0 }, PointF { x: 527.5, y: 1100.0 }, PointF { x: 867.5, y: 1100.0 }, PointF { x: 867.5, y: 1410.0 }, PointF { x: 267.5, y: 1410.0 }, PointF { x: 265.0, y: 1424.0 }])
  loop_obstacles: [RectF { origin: PointF { x: 155.0, y: 1120.0 }, size: SizeF { w: 685.0, h: 147.0 } }]

  A* crosses other edge → trying dst offset (dst=PointF { x: 265.0, y: 1424.0 } dst_side=Top)

  dst offset resolved crossing → path: [PointF { x: 527.5, y: 896.0 }, PointF { x: 527.5, y: 1100.0 }, PointF { x: 867.5, y: 1100.0 }, PointF { x: 867.5, y: 1410.0 }, PointF { x: 277.5, y: 1410.0 }, PointF { x: 277.0, y: 1424.0 }]

edge NodeId(10v1)→NodeId(11v1) (src_port=Some("loop_body") dst_port=None) src=PointF { x: 375.0, y: 1178.0 } dst=PointF { x: 750.0, y: 1203.0 } src_side=Right dst_side=Top
  A* routed: Some([PointF { x: 375.0, y: 1178.0 }, PointF { x: 387.5, y: 1180.0 }, PointF { x: 387.5, y: 1370.0 }, PointF { x: 147.5, y: 1370.0 }, PointF { x: 147.5, y: 1750.0 }, PointF { x: 737.5, y: 1750.0 }, PointF { x: 737.5, y: 1190.0 }, PointF { x: 747.5, y: 1190.0 }, PointF { x: 750.0, y: 1203.0 }])
  loop_obstacles: []

  A* crosses other edge → trying dst offset (dst=PointF { x: 750.0, y: 1203.0 } dst_side=Top)

  dst offset failed → fallback to original A*

edge NodeId(8v1)→NodeId(12v1) (src_port=None dst_port=None) src=PointF { x: 527.5, y: 896.0 } dst=PointF { x: 265.0, y: 1424.0 } src_side=Bottom dst_side=Top
  A* routed: Some([PointF { x: 527.5, y: 896.0 }, PointF { x: 527.5, y: 1100.0 }, PointF { x: 667.5, y: 1100.0 }, PointF { x: 667.5, y: 1410.0 }, PointF { x: 267.5, y: 1410.0 }, PointF { x: 265.0, y: 1424.0 }])
  loop_obstacles: [RectF { origin: PointF { x: 155.0, y: 1120.0 }, size: SizeF { w: 485.5, h: 147.0 } }]

  A* crosses other edge → trying dst offset (dst=PointF { x: 265.0, y: 1424.0 } dst_side=Top)

  dst offset resolved crossing → path: [PointF { x: 527.5, y: 896.0 }, PointF { x: 527.5, y: 1100.0 }, PointF { x: 667.5, y: 1100.0 }, PointF { x: 667.5, y: 1410.0 }, PointF { x: 277.5, y: 1410.0 }, PointF { x: 277.0, y: 1424.0 }]

edge NodeId(10v1)→NodeId(11v1) (src_port=Some("loop_body") dst_port=None) src=PointF { x: 375.0, y: 1178.0 } dst=PointF { x: 550.5, y: 1203.0 } src_side=Right dst_side=Top
  A* routed: Some([PointF { x: 375.0, y: 1178.0 }, PointF { x: 387.5, y: 1180.0 }, PointF { x: 387.5, y: 1370.0 }, PointF { x: 147.5, y: 1370.0 }, PointF { x: 147.5, y: 1750.0 }, PointF { x: 557.5, y: 1750.0 }, PointF { x: 557.5, y: 1190.0 }, PointF { x: 547.5, y: 1190.0 }, PointF { x: 550.5, y: 1203.0 }])
  loop_obstacles: []

  A* crosses other edge → trying dst offset (dst=PointF { x: 550.5, y: 1203.0 } dst_side=Top)

  dst offset resolved crossing → path: [PointF { x: 375.0, y: 1178.0 }, PointF { x: 517.5, y: 1180.0 }, PointF { x: 514.5, y: 1203.0 }]

edge NodeId(8v1)→NodeId(12v1) (src_port=None dst_port=None) src=PointF { x: 527.5, y: 896.0 } dst=PointF { x: 265.0, y: 1424.0 } src_side=Bottom dst_side=Top
  A* routed: Some([PointF { x: 527.5, y: 896.0 }, PointF { x: 527.5, y: 1100.0 }, PointF { x: 567.5, y: 1100.0 }, PointF { x: 567.5, y: 1410.0 }, PointF { x: 267.5, y: 1410.0 }, PointF { x: 265.0, y: 1424.0 }])
  loop_obstacles: [RectF { origin: PointF { x: 155.0, y: 1120.0 }, size: SizeF { w: 382.5, h: 145.5 } }]

  A* crosses other edge → trying dst offset (dst=PointF { x: 265.0, y: 1424.0 } dst_side=Top)

  dst offset resolved crossing → path: [PointF { x: 527.5, y: 896.0 }, PointF { x: 527.5, y: 1100.0 }, PointF { x: 567.5, y: 1100.0 }, PointF { x: 567.5, y: 1410.0 }, PointF { x: 277.5, y: 1410.0 }, PointF { x: 277.0, y: 1424.0 }]

edge NodeId(8v1)→NodeId(12v1) (src_port=None dst_port=None) src=PointF { x: 527.5, y: 896.0 } dst=PointF { x: 265.0, y: 1424.0 } src_side=Bottom dst_side=Top
  A* routed: Some([PointF { x: 527.5, y: 896.0 }, PointF { x: 527.5, y: 1100.0 }, PointF { x: 747.5, y: 1100.0 }, PointF { x: 747.5, y: 1410.0 }, PointF { x: 267.5, y: 1410.0 }, PointF { x: 265.0, y: 1424.0 }])
  loop_obstacles: [RectF { origin: PointF { x: 155.0, y: 1120.0 }, size: SizeF { w: 568.5, h: 159.0 } }]

  A* crosses other edge → trying dst offset (dst=PointF { x: 265.0, y: 1424.0 } dst_side=Top)

  dst offset resolved crossing → path: [PointF { x: 527.5, y: 896.0 }, PointF { x: 527.5, y: 1100.0 }, PointF { x: 747.5, y: 1100.0 }, PointF { x: 747.5, y: 1410.0 }, PointF { x: 277.5, y: 1410.0 }, PointF { x: 277.0, y: 1424.0 }]

edge NodeId(10v1)→NodeId(11v1) (src_port=Some("loop_body") dst_port=None) src=PointF { x: 375.0, y: 1178.0 } dst=PointF { x: 633.5, y: 1215.0 } src_side=Right dst_side=Top
  A* routed: Some([PointF { x: 375.0, y: 1178.0 }, PointF { x: 387.5, y: 1180.0 }, PointF { x: 387.5, y: 1370.0 }, PointF { x: 147.5, y: 1370.0 }, PointF { x: 147.5, y: 1750.0 }, PointF { x: 627.5, y: 1750.0 }, PointF { x: 627.5, y: 1210.0 }, PointF { x: 637.5, y: 1210.0 }, PointF { x: 633.5, y: 1215.0 }])
  loop_obstacles: []

  A* crosses other edge → trying dst offset (dst=PointF { x: 633.5, y: 1215.0 } dst_side=Top)

  dst offset failed → fallback to original A*

edge NodeId(8v1)→NodeId(12v1) (src_port=None dst_port=None) src=PointF { x: 527.5, y: 896.0 } dst=PointF { x: 265.0, y: 1424.0 } src_side=Bottom dst_side=Top
  A* routed: Some([PointF { x: 527.5, y: 896.0 }, PointF { x: 527.5, y: 1100.0 }, PointF { x: 607.5, y: 1100.0 }, PointF { x: 607.5, y: 1410.0 }, PointF { x: 267.5, y: 1410.0 }, PointF { x: 265.0, y: 1424.0 }])
  loop_obstacles: [RectF { origin: PointF { x: 155.0, y: 1120.0 }, size: SizeF { w: 423.0, h: 158.5 } }]

  A* crosses other edge → trying dst offset (dst=PointF { x: 265.0, y: 1424.0 } dst_side=Top)

  dst offset resolved crossing → path: [PointF { x: 527.5, y: 896.0 }, PointF { x: 527.5, y: 1100.0 }, PointF { x: 607.5, y: 1100.0 }, PointF { x: 607.5, y: 1410.0 }, PointF { x: 277.5, y: 1410.0 }, PointF { x: 277.0, y: 1424.0 }]

edge NodeId(8v1)→NodeId(12v1) (src_port=None dst_port=None) src=PointF { x: 527.5, y: 896.0 } dst=PointF { x: 265.0, y: 1424.0 } src_side=Bottom dst_side=Top
  A* routed: Some([PointF { x: 527.5, y: 896.0 }, PointF { x: 527.5, y: 1100.0 }, PointF { x: 847.5, y: 1100.0 }, PointF { x: 847.5, y: 1410.0 }, PointF { x: 267.5, y: 1410.0 }, PointF { x: 265.0, y: 1424.0 }])
  loop_obstacles: [RectF { origin: PointF { x: 155.0, y: 1120.0 }, size: SizeF { w: 666.0, h: 161.0 } }]

  A* crosses other edge → trying dst offset (dst=PointF { x: 265.0, y: 1424.0 } dst_side=Top)

  dst offset resolved crossing → path: [PointF { x: 527.5, y: 896.0 }, PointF { x: 527.5, y: 1100.0 }, PointF { x: 847.5, y: 1100.0 }, PointF { x: 847.5, y: 1410.0 }, PointF { x: 277.5, y: 1410.0 }, PointF { x: 277.0, y: 1424.0 }]

edge NodeId(10v1)→NodeId(11v1) (src_port=Some("loop_body") dst_port=None) src=PointF { x: 375.0, y: 1178.0 } dst=PointF { x: 731.0, y: 1217.0 } src_side=Right dst_side=Top
  A* routed: Some([PointF { x: 375.0, y: 1178.0 }, PointF { x: 387.5, y: 1180.0 }, PointF { x: 387.5, y: 1370.0 }, PointF { x: 147.5, y: 1370.0 }, PointF { x: 147.5, y: 1750.0 }, PointF { x: 717.5, y: 1750.0 }, PointF { x: 717.5, y: 1210.0 }, PointF { x: 727.5, y: 1210.0 }, PointF { x: 731.0, y: 1217.0 }])
  loop_obstacles: []

  A* crosses other edge → trying dst offset (dst=PointF { x: 731.0, y: 1217.0 } dst_side=Top)

  dst offset failed → fallback to original A*

edge NodeId(8v1)→NodeId(12v1) (src_port=None dst_port=None) src=PointF { x: 527.5, y: 896.0 } dst=PointF { x: 265.0, y: 1424.0 } src_side=Bottom dst_side=Top
  A* routed: Some([PointF { x: 527.5, y: 896.0 }, PointF { x: 527.5, y: 1100.0 }, PointF { x: 607.5, y: 1100.0 }, PointF { x: 607.5, y: 1410.0 }, PointF { x: 267.5, y: 1410.0 }, PointF { x: 265.0, y: 1424.0 }])
  loop_obstacles: [RectF { origin: PointF { x: 155.0, y: 1120.0 }, size: SizeF { w: 430.0, h: 156.0 } }]

  A* crosses other edge → trying dst offset (dst=PointF { x: 265.0, y: 1424.0 } dst_side=Top)

  dst offset resolved crossing → path: [PointF { x: 527.5, y: 896.0 }, PointF { x: 527.5, y: 1100.0 }, PointF { x: 607.5, y: 1100.0 }, PointF { x: 607.5, y: 1410.0 }, PointF { x: 277.5, y: 1410.0 }, PointF { x: 277.0, y: 1424.0 }]

edge NodeId(8v1)→NodeId(12v1) (src_port=None dst_port=None) src=PointF { x: 1580.0, y: 263.5 } dst=PointF { x: 2500.0, y: 143.0 } src_side=Right dst_side=Left
  A* routed: Some([PointF { x: 1580.0, y: 263.5 }, PointF { x: 1880.0, y: 263.5 }, PointF { x: 1880.0, y: 313.5 }, PointF { x: 2490.0, y: 313.5 }, PointF { x: 2490.0, y: 143.5 }, PointF { x: 2500.0, y: 143.0 }])
  loop_obstacles: [RectF { origin: PointF { x: 1940.0, y: 103.0 }, size: SizeF { w: 480.0, h: 144.0 } }]

  A* crosses other edge → trying dst offset (dst=PointF { x: 2500.0, y: 143.0 } dst_side=Left)

  dst offset resolved crossing → path: [PointF { x: 1580.0, y: 263.5 }, PointF { x: 1880.0, y: 263.5 }, PointF { x: 1880.0, y: 313.5 }, PointF { x: 2490.0, y: 313.5 }, PointF { x: 2490.0, y: 153.5 }, PointF { x: 2490.0, y: 155.0 }, PointF { x: 2500.0, y: 155.0 }]

edge NodeId(8v1)→NodeId(12v1) (src_port=None dst_port=None) src=PointF { x: 1580.0, y: 263.5 } dst=PointF { x: 2500.0, y: 143.0 } src_side=Right dst_side=Left
  A* routed: Some([PointF { x: 1580.0, y: 263.5 }, PointF { x: 1880.0, y: 263.5 }, PointF { x: 1880.0, y: 333.5 }, PointF { x: 2490.0, y: 333.5 }, PointF { x: 2490.0, y: 143.5 }, PointF { x: 2500.0, y: 143.0 }])
  loop_obstacles: [RectF { origin: PointF { x: 1940.0, y: 103.0 }, size: SizeF { w: 458.5, h: 162.5 } }]

  A* crosses other edge → trying dst offset (dst=PointF { x: 2500.0, y: 143.0 } dst_side=Left)

  dst offset resolved crossing → path: [PointF { x: 1580.0, y: 263.5 }, PointF { x: 1880.0, y: 263.5 }, PointF { x: 1880.0, y: 333.5 }, PointF { x: 2490.0, y: 333.5 }, PointF { x: 2490.0, y: 153.5 }, PointF { x: 2490.0, y: 155.0 }, PointF { x: 2500.0, y: 155.0 }]

edge NodeId(8v1)→NodeId(12v1) (src_port=None dst_port=None) src=PointF { x: 1580.0, y: 263.5 } dst=PointF { x: 2500.0, y: 143.0 } src_side=Right dst_side=Left
  A* routed: Some([PointF { x: 1580.0, y: 263.5 }, PointF { x: 1880.0, y: 263.5 }, PointF { x: 1880.0, y: 543.5 }, PointF { x: 2490.0, y: 543.5 }, PointF { x: 2490.0, y: 143.5 }, PointF { x: 2500.0, y: 143.0 }])
  loop_obstacles: [RectF { origin: PointF { x: 1940.0, y: 103.0 }, size: SizeF { w: 365.0, h: 372.0 } }]

  A* crosses other edge → trying dst offset (dst=PointF { x: 2500.0, y: 143.0 } dst_side=Left)

  dst offset resolved crossing → path: [PointF { x: 1580.0, y: 263.5 }, PointF { x: 1880.0, y: 263.5 }, PointF { x: 1880.0, y: 543.5 }, PointF { x: 2490.0, y: 543.5 }, PointF { x: 2490.0, y: 153.5 }, PointF { x: 2490.0, y: 155.0 }, PointF { x: 2500.0, y: 155.0 }]

edge NodeId(8v1)→NodeId(12v1) (src_port=None dst_port=None) src=PointF { x: 1580.0, y: 263.5 } dst=PointF { x: 2500.0, y: 143.0 } src_side=Right dst_side=Left
  A* routed: Some([PointF { x: 1580.0, y: 263.5 }, PointF { x: 1880.0, y: 263.5 }, PointF { x: 1880.0, y: 413.5 }, PointF { x: 2490.0, y: 413.5 }, PointF { x: 2490.0, y: 143.5 }, PointF { x: 2500.0, y: 143.0 }])
  loop_obstacles: [RectF { origin: PointF { x: 1940.0, y: 103.0 }, size: SizeF { w: 452.0, h: 241.0 } }]

  A* crosses other edge → trying dst offset (dst=PointF { x: 2500.0, y: 143.0 } dst_side=Left)

  dst offset resolved crossing → path: [PointF { x: 1580.0, y: 263.5 }, PointF { x: 1880.0, y: 263.5 }, PointF { x: 1880.0, y: 413.5 }, PointF { x: 2490.0, y: 413.5 }, PointF { x: 2490.0, y: 153.5 }, PointF { x: 2490.0, y: 155.0 }, PointF { x: 2500.0, y: 155.0 }]

edge NodeId(8v1)→NodeId(12v1) (src_port=None dst_port=None) src=PointF { x: 1580.0, y: 263.5 } dst=PointF { x: 2500.0, y: 143.0 } src_side=Right dst_side=Left
  A* routed: Some([PointF { x: 1580.0, y: 263.5 }, PointF { x: 1880.0, y: 263.5 }, PointF { x: 1880.0, y: 773.5 }, PointF { x: 2490.0, y: 773.5 }, PointF { x: 2490.0, y: 143.5 }, PointF { x: 2500.0, y: 143.0 }])
  loop_obstacles: [RectF { origin: PointF { x: 1940.0, y: 103.0 }, size: SizeF { w: 429.5, h: 602.5 } }]

  A* crosses other edge → trying dst offset (dst=PointF { x: 2500.0, y: 143.0 } dst_side=Left)

  dst offset resolved crossing → path: [PointF { x: 1580.0, y: 263.5 }, PointF { x: 1880.0, y: 263.5 }, PointF { x: 1880.0, y: 773.5 }, PointF { x: 2490.0, y: 773.5 }, PointF { x: 2490.0, y: 153.5 }, PointF { x: 2490.0, y: 155.0 }, PointF { x: 2500.0, y: 155.0 }]

edge NodeId(8v1)→NodeId(12v1) (src_port=None dst_port=None) src=PointF { x: 1580.0, y: 263.5 } dst=PointF { x: 2500.0, y: 143.0 } src_side=Right dst_side=Left
  A* routed: Some([PointF { x: 1580.0, y: 263.5 }, PointF { x: 1880.0, y: 263.5 }, PointF { x: 1880.0, y: 773.5 }, PointF { x: 2490.0, y: 773.5 }, PointF { x: 2490.0, y: 143.5 }, PointF { x: 2500.0, y: 143.0 }])
  loop_obstacles: [RectF { origin: PointF { x: 1940.0, y: 103.0 }, size: SizeF { w: 429.5, h: 602.5 } }]

  A* crosses other edge → trying dst offset (dst=PointF { x: 2500.0, y: 143.0 } dst_side=Left)

  dst offset resolved crossing → path: [PointF { x: 1580.0, y: 263.5 }, PointF { x: 1880.0, y: 263.5 }, PointF { x: 1880.0, y: 773.5 }, PointF { x: 2490.0, y: 773.5 }, PointF { x: 2490.0, y: 153.5 }, PointF { x: 2490.0, y: 155.0 }, PointF { x: 2500.0, y: 155.0 }]

edge NodeId(8v1)→NodeId(12v1) (src_port=None dst_port=None) src=PointF { x: 1580.0, y: 263.5 } dst=PointF { x: 2500.0, y: 143.0 } src_side=Right dst_side=Left
  A* routed: Some([PointF { x: 1580.0, y: 263.5 }, PointF { x: 1880.0, y: 263.5 }, PointF { x: 1880.0, y: 773.5 }, PointF { x: 2490.0, y: 773.5 }, PointF { x: 2490.0, y: 143.5 }, PointF { x: 2500.0, y: 143.0 }])
  loop_obstacles: [RectF { origin: PointF { x: 1940.0, y: 103.0 }, size: SizeF { w: 429.5, h: 602.5 } }]

  A* crosses other edge → trying dst offset (dst=PointF { x: 2500.0, y: 143.0 } dst_side=Left)

  dst offset resolved crossing → path: [PointF { x: 1580.0, y: 263.5 }, PointF { x: 1880.0, y: 263.5 }, PointF { x: 1880.0, y: 773.5 }, PointF { x: 2490.0, y: 773.5 }, PointF { x: 2490.0, y: 153.5 }, PointF { x: 2490.0, y: 155.0 }, PointF { x: 2500.0, y: 155.0 }]

edge NodeId(8v1)→NodeId(12v1) (src_port=None dst_port=None) src=PointF { x: 1580.0, y: 263.5 } dst=PointF { x: 2500.0, y: 143.0 } src_side=Right dst_side=Left
  A* routed: Some([PointF { x: 1580.0, y: 263.5 }, PointF { x: 1880.0, y: 263.5 }, PointF { x: 1880.0, y: 853.5 }, PointF { x: 2490.0, y: 853.5 }, PointF { x: 2490.0, y: 143.5 }, PointF { x: 2500.0, y: 143.0 }])
  loop_obstacles: [RectF { origin: PointF { x: 1940.0, y: 103.0 }, size: SizeF { w: 220.0, h: 684.5 } }]

  A* crosses other edge → trying dst offset (dst=PointF { x: 2500.0, y: 143.0 } dst_side=Left)

  dst offset resolved crossing → path: [PointF { x: 1580.0, y: 263.5 }, PointF { x: 1880.0, y: 263.5 }, PointF { x: 1880.0, y: 853.5 }, PointF { x: 2490.0, y: 853.5 }, PointF { x: 2490.0, y: 153.5 }, PointF { x: 2490.0, y: 155.0 }, PointF { x: 2500.0, y: 155.0 }]

edge NodeId(8v1)→NodeId(12v1) (src_port=None dst_port=None) src=PointF { x: 1580.0, y: 263.5 } dst=PointF { x: 2500.0, y: 143.0 } src_side=Right dst_side=Left
  A* routed: Some([PointF { x: 1580.0, y: 263.5 }, PointF { x: 1880.0, y: 263.5 }, PointF { x: 1880.0, y: 843.5 }, PointF { x: 2490.0, y: 843.5 }, PointF { x: 2490.0, y: 143.5 }, PointF { x: 2500.0, y: 143.0 }])
  loop_obstacles: [RectF { origin: PointF { x: 1940.0, y: 103.0 }, size: SizeF { w: 472.5, h: 674.5 } }]

  A* crosses other edge → trying dst offset (dst=PointF { x: 2500.0, y: 143.0 } dst_side=Left)

  dst offset resolved crossing → path: [PointF { x: 1580.0, y: 263.5 }, PointF { x: 1880.0, y: 263.5 }, PointF { x: 1880.0, y: 843.5 }, PointF { x: 2490.0, y: 843.5 }, PointF { x: 2490.0, y: 153.5 }, PointF { x: 2490.0, y: 155.0 }, PointF { x: 2500.0, y: 155.0 }]

edge NodeId(8v1)→NodeId(12v1) (src_port=None dst_port=None) src=PointF { x: 1580.0, y: 263.5 } dst=PointF { x: 2500.0, y: 143.0 } src_side=Right dst_side=Left
  A* routed: Some([PointF { x: 1580.0, y: 263.5 }, PointF { x: 1880.0, y: 263.5 }, PointF { x: 1880.0, y: 333.5 }, PointF { x: 2490.0, y: 333.5 }, PointF { x: 2490.0, y: 143.5 }, PointF { x: 2500.0, y: 143.0 }])
  loop_obstacles: [RectF { origin: PointF { x: 1940.0, y: 103.0 }, size: SizeF { w: 396.0, h: 156.0 } }]

  A* crosses other edge → trying dst offset (dst=PointF { x: 2500.0, y: 143.0 } dst_side=Left)

  dst offset resolved crossing → path: [PointF { x: 1580.0, y: 263.5 }, PointF { x: 1880.0, y: 263.5 }, PointF { x: 1880.0, y: 333.5 }, PointF { x: 2490.0, y: 333.5 }, PointF { x: 2490.0, y: 153.5 }, PointF { x: 2490.0, y: 155.0 }, PointF { x: 2500.0, y: 155.0 }]

edge NodeId(8v1)→NodeId(12v1) (src_port=None dst_port=None) src=PointF { x: 527.5, y: 896.0 } dst=PointF { x: 265.0, y: 1424.0 } src_side=Bottom dst_side=Top
  A* routed: Some([PointF { x: 527.5, y: 896.0 }, PointF { x: 527.5, y: 1100.0 }, PointF { x: 657.5, y: 1100.0 }, PointF { x: 657.5, y: 1410.0 }, PointF { x: 267.5, y: 1410.0 }, PointF { x: 265.0, y: 1410.0 }, PointF { x: 265.0, y: 1424.0 }])
  loop_obstacles: [RectF { origin: PointF { x: 155.0, y: 1120.0 }, size: SizeF { w: 480.0, h: 144.0 } }]

  A* crosses other edge → trying dst offset (dst=PointF { x: 265.0, y: 1424.0 } dst_side=Top)

  dst offset resolved crossing → path: [PointF { x: 527.5, y: 896.0 }, PointF { x: 527.5, y: 1100.0 }, PointF { x: 657.5, y: 1100.0 }, PointF { x: 657.5, y: 1410.0 }, PointF { x: 277.5, y: 1410.0 }, PointF { x: 277.0, y: 1424.0 }]

edge NodeId(8v1)→NodeId(12v1) (src_port=None dst_port=None) src=PointF { x: 527.5, y: 896.0 } dst=PointF { x: 265.0, y: 1424.0 } src_side=Bottom dst_side=Top
  A* routed: Some([PointF { x: 527.5, y: 896.0 }, PointF { x: 527.5, y: 1100.0 }, PointF { x: 857.5, y: 1100.0 }, PointF { x: 857.5, y: 1410.0 }, PointF { x: 267.5, y: 1410.0 }, PointF { x: 265.0, y: 1410.0 }, PointF { x: 265.0, y: 1424.0 }])
  loop_obstacles: [RectF { origin: PointF { x: 155.0, y: 1120.0 }, size: SizeF { w: 674.5, h: 147.0 } }]

  A* crosses other edge → trying dst offset (dst=PointF { x: 265.0, y: 1424.0 } dst_side=Top)

  dst offset resolved crossing → path: [PointF { x: 527.5, y: 896.0 }, PointF { x: 527.5, y: 1100.0 }, PointF { x: 857.5, y: 1100.0 }, PointF { x: 857.5, y: 1410.0 }, PointF { x: 277.5, y: 1410.0 }, PointF { x: 277.0, y: 1424.0 }]

edge NodeId(8v1)→NodeId(12v1) (src_port=None dst_port=None) src=PointF { x: 527.5, y: 896.0 } dst=PointF { x: 265.0, y: 1424.0 } src_side=Bottom dst_side=Top
  A* routed: Some([PointF { x: 527.5, y: 896.0 }, PointF { x: 527.5, y: 1100.0 }, PointF { x: 837.5, y: 1100.0 }, PointF { x: 837.5, y: 1420.0 }, PointF { x: 277.5, y: 1420.0 }, PointF { x: 277.5, y: 1410.0 }, PointF { x: 267.5, y: 1410.0 }, PointF { x: 265.0, y: 1410.0 }, PointF { x: 265.0, y: 1424.0 }])
  loop_obstacles: [RectF { origin: PointF { x: 155.0, y: 1120.0 }, size: SizeF { w: 655.5, h: 230.5 } }]

  A* crosses other edge → trying dst offset (dst=PointF { x: 265.0, y: 1424.0 } dst_side=Top)

  dst offset resolved crossing → path: [PointF { x: 527.5, y: 896.0 }, PointF { x: 527.5, y: 1100.0 }, PointF { x: 837.5, y: 1100.0 }, PointF { x: 837.5, y: 1420.0 }, PointF { x: 287.5, y: 1420.0 }, PointF { x: 287.5, y: 1410.0 }, PointF { x: 277.5, y: 1410.0 }, PointF { x: 277.0, y: 1424.0 }]

edge NodeId(8v1)→NodeId(12v1) (src_port=None dst_port=None) src=PointF { x: 527.5, y: 896.0 } dst=PointF { x: 265.0, y: 1424.0 } src_side=Bottom dst_side=Top
  A* routed: None
  loop_obstacles: [RectF { origin: PointF { x: 155.0, y: 1120.0 }, size: SizeF { w: 743.0, h: 301.0 } }]

edge NodeId(8v1)→NodeId(12v1) (src_port=None dst_port=None) src=PointF { x: 527.5, y: 896.0 } dst=PointF { x: 265.0, y: 1424.0 } src_side=Bottom dst_side=Top
  A* routed: None
  loop_obstacles: [RectF { origin: PointF { x: 375.0, y: 1120.0 }, size: SizeF { w: 398.0, h: 363.5 } }]

edge NodeId(8v1)→NodeId(12v1) (src_port=None dst_port=None) src=PointF { x: 527.5, y: 896.0 } dst=PointF { x: 265.0, y: 1424.0 } src_side=Bottom dst_side=Top
  A* routed: None
  loop_obstacles: [RectF { origin: PointF { x: 375.0, y: 1120.0 }, size: SizeF { w: 366.0, h: 442.5 } }]

edge NodeId(8v1)→NodeId(12v1) (src_port=None dst_port=None) src=PointF { x: 527.5, y: 896.0 } dst=PointF { x: 265.0, y: 1424.0 } src_side=Bottom dst_side=Top
  A* routed: Some([PointF { x: 527.5, y: 896.0 }, PointF { x: 527.5, y: 1100.0 }, PointF { x: 907.5, y: 1100.0 }, PointF { x: 907.5, y: 1410.0 }, PointF { x: 267.5, y: 1410.0 }, PointF { x: 265.0, y: 1410.0 }, PointF { x: 265.0, y: 1424.0 }])
  loop_obstacles: [RectF { origin: PointF { x: 155.0, y: 1120.0 }, size: SizeF { w: 726.5, h: 143.0 } }]

  A* crosses other edge → trying dst offset (dst=PointF { x: 265.0, y: 1424.0 } dst_side=Top)

  dst offset resolved crossing → path: [PointF { x: 527.5, y: 896.0 }, PointF { x: 527.5, y: 1100.0 }, PointF { x: 907.5, y: 1100.0 }, PointF { x: 907.5, y: 1410.0 }, PointF { x: 277.5, y: 1410.0 }, PointF { x: 277.0, y: 1424.0 }]

edge NodeId(8v1)→NodeId(12v1) (src_port=None dst_port=None) src=PointF { x: 527.5, y: 896.0 } dst=PointF { x: 265.0, y: 1424.0 } src_side=Bottom dst_side=Top
  A* routed: Some([PointF { x: 527.5, y: 896.0 }, PointF { x: 527.5, y: 1100.0 }, PointF { x: 897.5, y: 1100.0 }, PointF { x: 897.5, y: 1410.0 }, PointF { x: 267.5, y: 1410.0 }, PointF { x: 265.0, y: 1410.0 }, PointF { x: 265.0, y: 1424.0 }])
  loop_obstacles: [RectF { origin: PointF { x: 155.0, y: 1120.0 }, size: SizeF { w: 720.5, h: 210.5 } }]

  A* crosses other edge → trying dst offset (dst=PointF { x: 265.0, y: 1424.0 } dst_side=Top)

  dst offset resolved crossing → path: [PointF { x: 527.5, y: 896.0 }, PointF { x: 527.5, y: 1100.0 }, PointF { x: 897.5, y: 1100.0 }, PointF { x: 897.5, y: 1410.0 }, PointF { x: 277.5, y: 1410.0 }, PointF { x: 277.0, y: 1424.0 }]

edge NodeId(8v1)→NodeId(12v1) (src_port=None dst_port=None) src=PointF { x: 527.5, y: 896.0 } dst=PointF { x: 265.0, y: 1424.0 } src_side=Bottom dst_side=Top
  A* routed: Some([PointF { x: 527.5, y: 896.0 }, PointF { x: 527.5, y: 1100.0 }, PointF { x: 657.5, y: 1100.0 }, PointF { x: 657.5, y: 1410.0 }, PointF { x: 267.5, y: 1410.0 }, PointF { x: 265.0, y: 1410.0 }, PointF { x: 265.0, y: 1424.0 }])
  loop_obstacles: [RectF { origin: PointF { x: 155.0, y: 1120.0 }, size: SizeF { w: 472.5, h: 149.0 } }]

  A* crosses other edge → trying dst offset (dst=PointF { x: 265.0, y: 1424.0 } dst_side=Top)

  dst offset resolved crossing → path: [PointF { x: 527.5, y: 896.0 }, PointF { x: 527.5, y: 1100.0 }, PointF { x: 657.5, y: 1100.0 }, PointF { x: 657.5, y: 1410.0 }, PointF { x: 277.5, y: 1410.0 }, PointF { x: 277.0, y: 1424.0 }]

edge NodeId(8v1)→NodeId(12v1) (src_port=None dst_port=None) src=PointF { x: 527.5, y: 896.0 } dst=PointF { x: 265.0, y: 1424.0 } src_side=Bottom dst_side=Top
  A* routed: Some([PointF { x: 527.5, y: 896.0 }, PointF { x: 527.5, y: 1100.0 }, PointF { x: 657.5, y: 1100.0 }, PointF { x: 657.5, y: 1410.0 }, PointF { x: 267.5, y: 1410.0 }, PointF { x: 265.0, y: 1410.0 }, PointF { x: 265.0, y: 1424.0 }])
  loop_obstacles: [RectF { origin: PointF { x: 155.0, y: 1120.0 }, size: SizeF { w: 472.5, h: 149.0 } }]

  A* crosses other edge → trying dst offset (dst=PointF { x: 265.0, y: 1424.0 } dst_side=Top)

  dst offset resolved crossing → path: [PointF { x: 527.5, y: 896.0 }, PointF { x: 527.5, y: 1100.0 }, PointF { x: 657.5, y: 1100.0 }, PointF { x: 657.5, y: 1410.0 }, PointF { x: 277.5, y: 1410.0 }, PointF { x: 277.0, y: 1424.0 }]

edge NodeId(8v1)→NodeId(12v1) (src_port=None dst_port=None) src=PointF { x: 527.5, y: 896.0 } dst=PointF { x: 265.0, y: 1424.0 } src_side=Bottom dst_side=Top
  A* routed: Some([PointF { x: 527.5, y: 896.0 }, PointF { x: 527.5, y: 1100.0 }, PointF { x: 657.5, y: 1100.0 }, PointF { x: 657.5, y: 1410.0 }, PointF { x: 267.5, y: 1410.0 }, PointF { x: 265.0, y: 1410.0 }, PointF { x: 265.0, y: 1424.0 }])
  loop_obstacles: [RectF { origin: PointF { x: 155.0, y: 1120.0 }, size: SizeF { w: 472.5, h: 149.0 } }]

  A* crosses other edge → trying dst offset (dst=PointF { x: 265.0, y: 1424.0 } dst_side=Top)

  dst offset resolved crossing → path: [PointF { x: 527.5, y: 896.0 }, PointF { x: 527.5, y: 1100.0 }, PointF { x: 657.5, y: 1100.0 }, PointF { x: 657.5, y: 1410.0 }, PointF { x: 277.5, y: 1410.0 }, PointF { x: 277.0, y: 1424.0 }]

edge NodeId(8v1)→NodeId(12v1) (src_port=None dst_port=None) src=PointF { x: 1580.0, y: 263.5 } dst=PointF { x: 2500.0, y: 143.0 } src_side=Right dst_side=Left
  A* routed: Some([PointF { x: 1580.0, y: 263.5 }, PointF { x: 1880.0, y: 263.5 }, PointF { x: 1880.0, y: 313.5 }, PointF { x: 2490.0, y: 313.5 }, PointF { x: 2490.0, y: 143.5 }, PointF { x: 143.5, y: 2480.0 }, PointF { x: 143.0, y: 2480.0 }, PointF { x: 2500.0, y: 143.0 }])
  loop_obstacles: [RectF { origin: PointF { x: 1940.0, y: 103.0 }, size: SizeF { w: 480.0, h: 144.0 } }]

  A* crosses other edge → trying dst offset (dst=PointF { x: 2500.0, y: 143.0 } dst_side=Left)

  dst offset resolved crossing → path: [PointF { x: 1580.0, y: 263.5 }, PointF { x: 1880.0, y: 263.5 }, PointF { x: 1880.0, y: 313.5 }, PointF { x: 2490.0, y: 313.5 }, PointF { x: 2490.0, y: 153.5 }, PointF { x: 153.5, y: 2480.0 }, PointF { x: 155.0, y: 2480.0 }, PointF { x: 2500.0, y: 155.0 }]

edge NodeId(8v1)→NodeId(12v1) (src_port=None dst_port=None) src=PointF { x: 527.5, y: 896.0 } dst=PointF { x: 265.0, y: 1424.0 } src_side=Bottom dst_side=Top
  A* routed: Some([PointF { x: 527.5, y: 896.0 }, PointF { x: 527.5, y: 1100.0 }, PointF { x: 657.5, y: 1100.0 }, PointF { x: 657.5, y: 1410.0 }, PointF { x: 267.5, y: 1410.0 }, PointF { x: 267.5, y: 1404.0 }, PointF { x: 265.0, y: 1404.0 }, PointF { x: 265.0, y: 1424.0 }])
  loop_obstacles: [RectF { origin: PointF { x: 155.0, y: 1120.0 }, size: SizeF { w: 480.0, h: 144.0 } }]

  A* crosses other edge → trying dst offset (dst=PointF { x: 265.0, y: 1424.0 } dst_side=Top)

  dst offset resolved crossing → path: [PointF { x: 527.5, y: 896.0 }, PointF { x: 527.5, y: 1100.0 }, PointF { x: 657.5, y: 1100.0 }, PointF { x: 657.5, y: 1410.0 }, PointF { x: 277.5, y: 1410.0 }, PointF { x: 277.5, y: 1404.0 }, PointF { x: 277.0, y: 1404.0 }, PointF { x: 277.0, y: 1424.0 }]

